use mysql
select host,user,password from mysql ;
select host,user,password from user;

update user set host='%' where user='root'
ERROR 1062 (23000): Duplicate entry '%-root' for key 'PRIMARY';
update user set host = ’%’ where user = ’root’ ;
update user set host = ’%’ where user = .................’root’;
update
grant all privileges  on *.* to root@'%' identified by "root"
Query OK, 0 rows affected (0.00 sec) ;


 show databases
 +--------------------+
 | Database           |
 +--------------------+
 | information_schema |
 | epost              |
 | mysql              |
 | performance_schema |
 | phpmyadmin         |
 | test               |
 | wordpress          |
 +--------------------+
 7 rows in set (0.00 sec)
 
 mysql> select host,user,password from mysql
 ERROR 1146 (42S02): Table 'mysql.mysql' doesn't exist
 mysql> select host,user,password from user
 +-----------+------------------+-------------------------------------------+
 | host      | user             | password                                  |
 +-----------+------------------+-------------------------------------------+
 | localhost | root             | *E56A114692FE0DE073F9A1DD68A00EEB9703F3F1 |
 | chenhai   | root             | *E56A114692FE0DE073F9A1DD68A00EEB9703F3F1 |
 | 127.0.0.1 | root             | *E56A114692FE0DE073F9A1DD68A00EEB9703F3F1 |
 | ::1       | root             | *E56A114692FE0DE073F9A1DD68A00EEB9703F3F1 |
 | localhost | debian-sys-maint | *3D48E438F6DAC115395E586C4FEC709044E41850 |
 | localhost | phpmyadmin       | *E56A114692FE0DE073F9A1DD68A00EEB9703F3F1 |
 +-----------+------------------+-------------------------------------------+
 6 rows in set (0.00 sec)
 
 mysql> update user set host='%' where user='root'
 ERROR 1062 (23000): Duplicate entry '%-root' for key 'PRIMARY'
 mysql> desc user
 +------------------------+-----------------------------------+------+-----+---------+-------+
 | Field                  | Type                              | Null | Key | Default | Extra |
 +------------------------+-----------------------------------+------+-----+---------+-------+
 | Host                   | char(60)                          | NO   | PRI |         |       |
 | User                   | char(16)                          | NO   | PRI |         |       |
 | Password               | char(41)                          | NO   |     |         |       |
 | Select_priv            | enum('N','Y')                     | NO   |     | N       |       |
 | Insert_priv            | enum('N','Y')                     | NO   |     | N       |       |
 | Update_priv            | enum('N','Y')                     | NO   |     | N       |       |
 | Delete_priv            | enum('N','Y')                     | NO   |     | N       |       |
 | Create_priv            | enum('N','Y')                     | NO   |     | N       |       |
 | Drop_priv              | enum('N','Y')                     | NO   |     | N       |       |
 | Reload_priv            | enum('N','Y')                     | NO   |     | N       |       |
 | Shutdown_priv          | enum('N','Y')                     | NO   |     | N       |       |
 | Process_priv           | enum('N','Y')                     | NO   |     | N       |       |
 | File_priv              | enum('N','Y')                     | NO   |     | N       |       |
 | Grant_priv             | enum('N','Y')                     | NO   |     | N       |       |
 | References_priv        | enum('N','Y')                     | NO   |     | N       |       |
 | Index_priv             | enum('N','Y')                     | NO   |     | N       |       |
 | Alter_priv             | enum('N','Y')                     | NO   |     | N       |       |
 | Show_db_priv           | enum('N','Y')                     | NO   |     | N       |       |
 | Super_priv             | enum('N','Y')                     | NO   |     | N       |       |
 | Create_tmp_table_priv  | enum('N','Y')                     | NO   |     | N       |       |
 | Lock_tables_priv       | enum('N','Y')                     | NO   |     | N       |       |
 | Execute_priv           | enum('N','Y')                     | NO   |     | N       |       |
 | Repl_slave_priv        | enum('N','Y')                     | NO   |     | N       |       |
 | Repl_client_priv       | enum('N','Y')                     | NO   |     | N       |       |
 | Create_view_priv       | enum('N','Y')                     | NO   |     | N       |       |
 | Show_view_priv         | enum('N','Y')                     | NO   |     | N       |       |
 | Create_routine_priv    | enum('N','Y')                     | NO   |     | N       |       |
 | Alter_routine_priv     | enum('N','Y')                     | NO   |     | N       |       |
 | Create_user_priv       | enum('N','Y')                     | NO   |     | N       |       |
 | Event_priv             | enum('N','Y')                     | NO   |     | N       |       |
 | Trigger_priv           | enum('N','Y')                     | NO   |     | N       |       |
 | Create_tablespace_priv | enum('N','Y')                     | NO   |     | N       |       |
 | ssl_type               | enum('','ANY','X509','SPECIFIED') | NO   |     |         |       |
 | ssl_cipher             | blob                              | NO   |     | NULL    |       |
 | x509_issuer            | blob                              | NO   |     | NULL    |       |
 | x509_subject           | blob                              | NO   |     | NULL    |       |
 | max_questions          | int(11) unsigned                  | NO   |     | 0       |       |
 | max_updates            | int(11) unsigned                  | NO   |     | 0       |       |
 | max_connections        | int(11) unsigned                  | NO   |     | 0       |       |
 | max_user_connections   | int(11) unsigned                  | NO   |     | 0       |       |
 | plugin                 | char(64)                          | YES  |     |         |       |
 | authentication_string  | text                              | YES  |     | NULL    |       |
 +------------------------+-----------------------------------+------+-----+---------+-------+
 42 rows in set (0.00 sec)
 
 mysql> update user set host = ’%’ where user = ’root’
 ERROR 1054 (42S22): Unknown column '’root’' in 'where clause'
 mysql> update user set host = ’%’ where user = .................’root’
 ERROR 1064 (42000): You have an error in your SQL syntax check the manual that corresponds to your MySQL server version for the right syntax to use near '’root’' at line 1
 mysql> 
 mysql> update
 mysql> 
 mysql> update
 mysql> select * from user
 +-----------+------------------+-------------------------------------------+-------------+-------------+-------------+-------------+-------------+-----------+-------------+---------------+--------------+-----------+------------+-----------------+------------+------------+--------------+------------+-----------------------+------------------+--------------+-----------------+------------------+------------------+----------------+---------------------+--------------------+------------------+------------+--------------+------------------------+----------+------------+-------------+--------------+---------------+-------------+-----------------+----------------------+--------+-----------------------+
 | Host      | User             | Password                                  | Select_priv | Insert_priv | Update_priv | Delete_priv | Create_priv | Drop_priv | Reload_priv | Shutdown_priv | Process_priv | File_priv | Grant_priv | References_priv | Index_priv | Alter_priv | Show_db_priv | Super_priv | Create_tmp_table_priv | Lock_tables_priv | Execute_priv | Repl_slave_priv | Repl_client_priv | Create_view_priv | Show_view_priv | Create_routine_priv | Alter_routine_priv | Create_user_priv | Event_priv | Trigger_priv | Create_tablespace_priv | ssl_type | ssl_cipher | x509_issuer | x509_subject | max_questions | max_updates | max_connections | max_user_connections | plugin | authentication_string |
 +-----------+------------------+-------------------------------------------+-------------+-------------+-------------+-------------+-------------+-----------+-------------+---------------+--------------+-----------+------------+-----------------+------------+------------+--------------+------------+-----------------------+------------------+--------------+-----------------+------------------+------------------+----------------+---------------------+--------------------+------------------+------------+--------------+------------------------+----------+------------+-------------+--------------+---------------+-------------+-----------------+----------------------+--------+-----------------------+
 | %         | root             | *E56A114692FE0DE073F9A1DD68A00EEB9703F3F1 | Y           | Y           | Y           | Y           | Y           | Y         | Y           | Y             | Y            | Y         | Y          | Y               | Y          | Y          | Y            | Y          | Y                     | Y                | Y            | Y               | Y                | Y                | Y              | Y                   | Y                  | Y                | Y          | Y            | Y                      |          |            |             |              |             0 |           0 |               0 |                    0 |        |                       |
 | chenhai   | root             | *E56A114692FE0DE073F9A1DD68A00EEB9703F3F1 | Y           | Y           | Y           | Y           | Y           | Y         | Y           | Y             | Y            | Y         | Y          | Y               | Y          | Y          | Y            | Y          | Y                     | Y                | Y            | Y               | Y                | Y                | Y              | Y                   | Y                  | Y                | Y          | Y            | Y                      |          |            |             |              |             0 |           0 |               0 |                    0 |        |                       |
 | 127.0.0.1 | root             | *E56A114692FE0DE073F9A1DD68A00EEB9703F3F1 | Y           | Y           | Y           | Y           | Y           | Y         | Y           | Y             | Y            | Y         | Y          | Y               | Y          | Y          | Y            | Y          | Y                     | Y                | Y            | Y               | Y                | Y                | Y              | Y                   | Y                  | Y                | Y          | Y            | Y                      |          |            |             |              |             0 |           0 |               0 |                    0 |        |                       |
 | ::1       | root             | *E56A114692FE0DE073F9A1DD68A00EEB9703F3F1 | Y           | Y           | Y           | Y           | Y           | Y         | Y           | Y             | Y            | Y         | Y          | Y               | Y          | Y          | Y            | Y          | Y                     | Y                | Y            | Y               | Y                | Y                | Y              | Y                   | Y                  | Y                | Y          | Y            | Y                      |          |            |             |              |             0 |           0 |               0 |                    0 |        |                       |
 | localhost | debian-sys-maint | *3D48E438F6DAC115395E586C4FEC709044E41850 | Y           | Y           | Y           | Y           | Y           | Y         | Y           | Y             | Y            | Y         | Y          | Y               | Y          | Y          | Y            | Y          | Y                     | Y                | Y            | Y               | Y                | Y                | Y              | Y                   | Y                  | Y                | Y          | Y            | Y                      |          |            |             |              |             0 |           0 |               0 |                    0 |        | NULL                  |
 | localhost | phpmyadmin       | *E56A114692FE0DE073F9A1DD68A00EEB9703F3F1 | N           | N           | N           | N           | N           | N         | N           | N             | N            | N         | N          | N               | N          | N          | N            | N          | N                     | N                | N            | N               | N                | N                | N              | N                   | N                  | N                | N          | N            | N                      |          |            |             |              |             0 |           0 |               0 |                    0 |        | NULL                  |
 +-----------+------------------+-------------------------------------------+-------------+-------------+-------------+-------------+-------------+-----------+-------------+---------------+--------------+-----------+------------+-----------------+------------+------------+--------------+------------+-----------------------+------------------+--------------+-----------------+------------------+------------------+----------------+---------------------+--------------------+------------------+------------+--------------+------------------------+----------+------------+-------------+--------------+---------------+-------------+-----------------+----------------------+--------+-----------------------+
 6 rows in set (0.00 sec)
 
 mysql> select host,user,password from user
 +-----------+------------------+-------------------------------------------+
 | host      | user             | password                                  |
 +-----------+------------------+-------------------------------------------+
 | %         | root             | *E56A114692FE0DE073F9A1DD68A00EEB9703F3F1 |
 | chenhai   | root             | *E56A114692FE0DE073F9A1DD68A00EEB9703F3F1 |
 | 127.0.0.1 | root             | *E56A114692FE0DE073F9A1DD68A00EEB9703F3F1 |
 | ::1       | root             | *E56A114692FE0DE073F9A1DD68A00EEB9703F3F1 |
 | localhost | debian-sys-maint | *3D48E438F6DAC115395E586C4FEC709044E41850 |
 | localhost | phpmyadmin       | *E56A114692FE0DE073F9A1DD68A00EEB9703F3F1 |
 +-----------+------------------+-------------------------------------------+
 6 rows in set (0.00 sec)
 
 mysql> grant all privileges  on *.* to root@'%' identified by "root"
 Query OK, 0 rows affected (0.00 sec)
 
 mysql> Bye
 chenhai@chenhai:~$ sudo init 6
 [sudo] password for chenhai: 
 chenhai@chenhai:~$ 
 Connection closed by foreign host.
 
 Disconnected from remote host(ubuntu-2) at 11:41:54.
 ;;;;;;;;;;;
